// Jest Snapshot v1, https://goo.gl/fbAQLP

exports[`Login should match the snapshot 1`] = `"<div><form action=\\"#\\"><div class=\\"form-group\\"><label class=\\"form-label\\">Email Id</label><input name=\\"emailId\\" type=\\"email\\" placeholder=\\"Email Id\\" class=\\"form-control\\" autocomplete=\\"off\\" value=\\"\\"></div><div class=\\"form-group\\"><label class=\\"form-label\\">Password</label><input name=\\"password\\" type=\\"password\\" placeholder=\\"Password\\" class=\\"form-control\\" autocomplete=\\"off\\" value=\\"\\"></div><div class=\\"form-group\\"><button type=\\"button\\" class=\\"btn btn-secondary btn-sm\\">Forgot Password?</button></div><div class=\\"form-group\\"><button type=\\"submit\\" class=\\"btn btn-danger btn-block\\">Login</button></div><div class=\\"form-group\\"><span>or</span></div><div class=\\"form-row\\"><div class=\\"form-group\\"><button type=\\"button\\" class=\\"btn btn-info\\">FaceBook</button><button type=\\"button\\" class=\\"btn btn-secondary\\">Google</button></div></div></form></div>"`;
