// Jest Snapshot v1, https://goo.gl/fbAQLP

exports[`Login should match the snapshot 1`] = `"<div><form action=\\"#\\"><div class=\\"form-group\\"><label class=\\"form-label\\">Full Name</label><input name=\\"fullName\\" type=\\"text\\" placeholder=\\"Full Name\\" class=\\"form-control\\" autocomplete=\\"off\\" value=\\"\\"></div><div class=\\"form-group\\"><label class=\\"form-label\\">Email Id</label><input name=\\"emailId\\" type=\\"email\\" placeholder=\\"Email Id\\" class=\\"form-control\\" autocomplete=\\"off\\" value=\\"\\"></div><div class=\\"form-group\\"><label class=\\"form-label\\">Password</label><input name=\\"password\\" type=\\"password\\" placeholder=\\"Password\\" class=\\"form-control\\" autocomplete=\\"off\\" value=\\"\\"></div><div class=\\"form-group\\"><label class=\\"form-label\\">Mobile Number</label><input name=\\"mobileNumber\\" type=\\"text\\" placeholder=\\"Mobile Number\\" class=\\"form-control\\" autocomplete=\\"off\\" value=\\"\\"></div><div class=\\"form-group\\"><button type=\\"submit\\" class=\\"btn btn-danger btn-block\\">Signup</button></div></form></div>"`;
